// Jest Snapshot v1, https://goo.gl/fbAQLP

exports[`Nav component renders Crypto component 1`] = `
<div
  className="rounded-4 w-100 h-100 border border-danger d-flex justify-content-center"
>
  <div
    className="w-100"
  >
    <p
      className=" p-2 font text-light"
    >
       
      <span>
        Name:
      </span>
    </p>
    <div
      className="d-flex m-3 justify-content-center"
    >
      <img
        alt="symbol"
        className="images w-75"
        src="https://www.cryptocompare.comnew "
      />
    </div>
    <p />
  </div>
</div>
`;

exports[`Nav component renders Models component 1`] = `
Array [
  <form
    className="w-100 mb-5 bg-secondary nav"
  >
    <input
      aria-label="search"
      className="input w-100 h-2"
      onChange={[Function]}
      placeholder=" Search daily crypto exchange values"
      type="text"
      value=""
    />
  </form>,
  <div
    className="bg-primary text-white"
  >
    <div
      className="grid1"
    />
  </div>,
]
`;
